Archive member included to satisfy reference by file (symbol)

/usr/lib/gcc/avr/4.9.2/../../../../avr/lib/avr5/libprintf_flt.a(vfprintf_flt.o)
                              (vfprintf)
/usr/lib/gcc/avr/4.9.2/../../../../avr/lib/avr5/libm.a(addsf3.o)
                              LSM303D_ACC_MAG.o (__subsf3)
/usr/lib/gcc/avr/4.9.2/../../../../avr/lib/avr5/libm.a(addsf3x.o)
                              /usr/lib/gcc/avr/4.9.2/../../../../avr/lib/avr5/libm.a(addsf3.o) (__addsf3x)
/usr/lib/gcc/avr/4.9.2/../../../../avr/lib/avr5/libm.a(atan2.o)
                              LSM303D_ACC_MAG.o (atan2)
/usr/lib/gcc/avr/4.9.2/../../../../avr/lib/avr5/libm.a(atan.o)
                              /usr/lib/gcc/avr/4.9.2/../../../../avr/lib/avr5/libm.a(atan2.o) (atan)
/usr/lib/gcc/avr/4.9.2/../../../../avr/lib/avr5/libm.a(divsf3.o)
                              LPS25H_BAR.o (__divsf3)
/usr/lib/gcc/avr/4.9.2/../../../../avr/lib/avr5/libm.a(divsf3x.o)
                              /usr/lib/gcc/avr/4.9.2/../../../../avr/lib/avr5/libm.a(divsf3.o) (__divsf3x)
/usr/lib/gcc/avr/4.9.2/../../../../avr/lib/avr5/libm.a(fixsfsi.o)
                              LSM303D_ACC_MAG.o (__fixsfsi)
/usr/lib/gcc/avr/4.9.2/../../../../avr/lib/avr5/libm.a(fixunssfsi.o)
                              /usr/lib/gcc/avr/4.9.2/../../../../avr/lib/avr5/libm.a(fixsfsi.o) (__fixunssfsi)
/usr/lib/gcc/avr/4.9.2/../../../../avr/lib/avr5/libm.a(floatsisf.o)
                              LPS25H_BAR.o (__floatsisf)
/usr/lib/gcc/avr/4.9.2/../../../../avr/lib/avr5/libm.a(fp_inf.o)
                              /usr/lib/gcc/avr/4.9.2/../../../../avr/lib/avr5/libm.a(addsf3x.o) (__fp_inf)
/usr/lib/gcc/avr/4.9.2/../../../../avr/lib/avr5/libm.a(fp_nan.o)
                              /usr/lib/gcc/avr/4.9.2/../../../../avr/lib/avr5/libm.a(addsf3x.o) (__fp_nan)
/usr/lib/gcc/avr/4.9.2/../../../../avr/lib/avr5/libm.a(fp_powser.o)
                              /usr/lib/gcc/avr/4.9.2/../../../../avr/lib/avr5/libm.a(atan.o) (__fp_powser)
/usr/lib/gcc/avr/4.9.2/../../../../avr/lib/avr5/libm.a(fp_pscA.o)
                              /usr/lib/gcc/avr/4.9.2/../../../../avr/lib/avr5/libm.a(addsf3x.o) (__fp_pscA)
/usr/lib/gcc/avr/4.9.2/../../../../avr/lib/avr5/libm.a(fp_pscB.o)
                              /usr/lib/gcc/avr/4.9.2/../../../../avr/lib/avr5/libm.a(addsf3x.o) (__fp_pscB)
/usr/lib/gcc/avr/4.9.2/../../../../avr/lib/avr5/libm.a(fp_round.o)
                              /usr/lib/gcc/avr/4.9.2/../../../../avr/lib/avr5/libm.a(addsf3.o) (__fp_round)
/usr/lib/gcc/avr/4.9.2/../../../../avr/lib/avr5/libm.a(fp_split3.o)
                              /usr/lib/gcc/avr/4.9.2/../../../../avr/lib/avr5/libm.a(addsf3x.o) (__fp_split3)
/usr/lib/gcc/avr/4.9.2/../../../../avr/lib/avr5/libm.a(fp_zero.o)
                              /usr/lib/gcc/avr/4.9.2/../../../../avr/lib/avr5/libm.a(addsf3x.o) (__fp_zero)
/usr/lib/gcc/avr/4.9.2/../../../../avr/lib/avr5/libm.a(inverse.o)
                              /usr/lib/gcc/avr/4.9.2/../../../../avr/lib/avr5/libm.a(atan.o) (inverse)
/usr/lib/gcc/avr/4.9.2/../../../../avr/lib/avr5/libm.a(mulsf3.o)
                              LPS25H_BAR.o (__mulsf3)
/usr/lib/gcc/avr/4.9.2/../../../../avr/lib/avr5/libm.a(mulsf3x.o)
                              /usr/lib/gcc/avr/4.9.2/../../../../avr/lib/avr5/libm.a(atan.o) (__mulsf3x)
/usr/lib/gcc/avr/4.9.2/../../../../avr/lib/avr5/libm.a(square.o)
                              /usr/lib/gcc/avr/4.9.2/../../../../avr/lib/avr5/libm.a(atan.o) (square)
/usr/lib/gcc/avr/4.9.2/avr5/libgcc.a(_prologue.o)
                              /usr/lib/gcc/avr/4.9.2/../../../../avr/lib/avr5/libprintf_flt.a(vfprintf_flt.o) (__prologue_saves__)
/usr/lib/gcc/avr/4.9.2/avr5/libgcc.a(_epilogue.o)
                              /usr/lib/gcc/avr/4.9.2/../../../../avr/lib/avr5/libprintf_flt.a(vfprintf_flt.o) (__epilogue_restores__)
/usr/lib/gcc/avr/4.9.2/avr5/libgcc.a(_exit.o)
                              /usr/lib/gcc/avr/4.9.2/../../../../avr/lib/avr5/crtm328p.o (exit)
/usr/lib/gcc/avr/4.9.2/avr5/libgcc.a(_copy_data.o)
                              main.o (__do_copy_data)
/usr/lib/gcc/avr/4.9.2/../../../../avr/lib/avr5/libc.a(ftoa_engine.o)
                              /usr/lib/gcc/avr/4.9.2/../../../../avr/lib/avr5/libprintf_flt.a(vfprintf_flt.o) (__ftoa_engine)
/usr/lib/gcc/avr/4.9.2/../../../../avr/lib/avr5/libc.a(strnlen_P.o)
                              /usr/lib/gcc/avr/4.9.2/../../../../avr/lib/avr5/libprintf_flt.a(vfprintf_flt.o) (strnlen_P)
/usr/lib/gcc/avr/4.9.2/../../../../avr/lib/avr5/libc.a(strnlen.o)
                              /usr/lib/gcc/avr/4.9.2/../../../../avr/lib/avr5/libprintf_flt.a(vfprintf_flt.o) (strnlen)
/usr/lib/gcc/avr/4.9.2/../../../../avr/lib/avr5/libc.a(fputc.o)
                              /usr/lib/gcc/avr/4.9.2/../../../../avr/lib/avr5/libprintf_flt.a(vfprintf_flt.o) (fputc)
/usr/lib/gcc/avr/4.9.2/../../../../avr/lib/avr5/libc.a(iob.o)
                              main.o (__iob)
/usr/lib/gcc/avr/4.9.2/../../../../avr/lib/avr5/libc.a(printf.o)
                              main.o (printf)
/usr/lib/gcc/avr/4.9.2/../../../../avr/lib/avr5/libc.a(ultoa_invert.o)
                              /usr/lib/gcc/avr/4.9.2/../../../../avr/lib/avr5/libprintf_flt.a(vfprintf_flt.o) (__ultoa_invert)
/usr/lib/gcc/avr/4.9.2/avr5/libgcc.a(_clear_bss.o)
                              /usr/lib/gcc/avr/4.9.2/../../../../avr/lib/avr5/libc.a(iob.o) (__do_clear_bss)

Allocating common symbols
Common symbol       size              file

__iob               0x6               /usr/lib/gcc/avr/4.9.2/../../../../avr/lib/avr5/libc.a(iob.o)

Memory Configuration

Name             Origin             Length             Attributes
text             0x0000000000000000 0x0000000000020000 xr
data             0x0000000000800060 0x000000000000ffa0 rw !x
eeprom           0x0000000000810000 0x0000000000010000 rw !x
fuse             0x0000000000820000 0x0000000000000400 rw !x
lock             0x0000000000830000 0x0000000000000400 rw !x
signature        0x0000000000840000 0x0000000000000400 rw !x
*default*        0x0000000000000000 0xffffffffffffffff

Linker script and memory map

Address of section .data set to 0x800100
LOAD /usr/lib/gcc/avr/4.9.2/../../../../avr/lib/avr5/crtm328p.o
LOAD main.o
LOAD usart.o
LOAD twi_master.o
LOAD LPS25H_BAR.o
LOAD L3GD20H_GYRO.o
LOAD LSM303D_ACC_MAG.o
LOAD ALTIMU_10.o
LOAD /usr/lib/gcc/avr/4.9.2/../../../../avr/lib/avr5/libprintf_flt.a
LOAD /usr/lib/gcc/avr/4.9.2/../../../../avr/lib/avr5/libm.a
START GROUP
LOAD /usr/lib/gcc/avr/4.9.2/avr5/libgcc.a
LOAD /usr/lib/gcc/avr/4.9.2/../../../../avr/lib/avr5/libm.a
LOAD /usr/lib/gcc/avr/4.9.2/../../../../avr/lib/avr5/libc.a
END GROUP

.hash
 *(.hash)

.dynsym
 *(.dynsym)

.dynstr
 *(.dynstr)

.gnu.version
 *(.gnu.version)

.gnu.version_d
 *(.gnu.version_d)

.gnu.version_r
 *(.gnu.version_r)

.rel.init
 *(.rel.init)

.rela.init
 *(.rela.init)

.rel.text
 *(.rel.text)
 *(.rel.text.*)
 *(.rel.gnu.linkonce.t*)

.rela.text
 *(.rela.text)
 *(.rela.text.*)
 *(.rela.gnu.linkonce.t*)

.rel.fini
 *(.rel.fini)

.rela.fini
 *(.rela.fini)

.rel.rodata
 *(.rel.rodata)
 *(.rel.rodata.*)
 *(.rel.gnu.linkonce.r*)

.rela.rodata
 *(.rela.rodata)
 *(.rela.rodata.*)
 *(.rela.gnu.linkonce.r*)

.rel.data
 *(.rel.data)
 *(.rel.data.*)
 *(.rel.gnu.linkonce.d*)

.rela.data
 *(.rela.data)
 *(.rela.data.*)
 *(.rela.gnu.linkonce.d*)

.rel.ctors
 *(.rel.ctors)

.rela.ctors
 *(.rela.ctors)

.rel.dtors
 *(.rel.dtors)

.rela.dtors
 *(.rela.dtors)

.rel.got
 *(.rel.got)

.rela.got
 *(.rela.got)

.rel.bss
 *(.rel.bss)

.rela.bss
 *(.rela.bss)

.rel.plt
 *(.rel.plt)

.rela.plt
 *(.rela.plt)

.text           0x0000000000000000     0x1900
 *(.vectors)
 .vectors       0x0000000000000000       0x68 /usr/lib/gcc/avr/4.9.2/../../../../avr/lib/avr5/crtm328p.o
                0x0000000000000000                __vectors
                0x0000000000000000                __vector_default
 *(.vectors)
 *(.progmem.gcc*)
 .progmem.gcc_fplib
                0x0000000000000068       0x2d /usr/lib/gcc/avr/4.9.2/../../../../avr/lib/avr5/libm.a(atan.o)
                0x0000000000000096                . = ALIGN (0x2)
 *fill*         0x0000000000000095        0x1 
                0x0000000000000096                __trampolines_start = .
 *(.trampolines)
 .trampolines   0x0000000000000096        0x0 linker stubs
 *(.trampolines*)
                0x0000000000000096                __trampolines_end = .
 *(.progmem*)
 .progmem.data  0x0000000000000096        0x8 /usr/lib/gcc/avr/4.9.2/../../../../avr/lib/avr5/libprintf_flt.a(vfprintf_flt.o)
 .progmem.data  0x000000000000009e       0xfa /usr/lib/gcc/avr/4.9.2/../../../../avr/lib/avr5/libc.a(ftoa_engine.o)
                0x0000000000000198                . = ALIGN (0x2)
 *(.jumptables)
 *(.jumptables*)
 *(.lowtext)
 *(.lowtext*)
                0x0000000000000198                __ctors_start = .
 *(.ctors)
                0x0000000000000198                __ctors_end = .
                0x0000000000000198                __dtors_start = .
 *(.dtors)
                0x0000000000000198                __dtors_end = .
 SORT(*)(.ctors)
 SORT(*)(.dtors)
 *(.init0)
 .init0         0x0000000000000198        0x0 /usr/lib/gcc/avr/4.9.2/../../../../avr/lib/avr5/crtm328p.o
                0x0000000000000198                __init
 *(.init0)
 *(.init1)
 *(.init1)
 *(.init2)
 .init2         0x0000000000000198        0xc /usr/lib/gcc/avr/4.9.2/../../../../avr/lib/avr5/crtm328p.o
 *(.init2)
 *(.init3)
 *(.init3)
 *(.init4)
 .init4         0x00000000000001a4       0x16 /usr/lib/gcc/avr/4.9.2/avr5/libgcc.a(_copy_data.o)
                0x00000000000001a4                __do_copy_data
 .init4         0x00000000000001ba       0x10 /usr/lib/gcc/avr/4.9.2/avr5/libgcc.a(_clear_bss.o)
                0x00000000000001ba                __do_clear_bss
 *(.init4)
 *(.init5)
 *(.init5)
 *(.init6)
 *(.init6)
 *(.init7)
 *(.init7)
 *(.init8)
 *(.init8)
 *(.init9)
 .init9         0x00000000000001ca        0x8 /usr/lib/gcc/avr/4.9.2/../../../../avr/lib/avr5/crtm328p.o
 *(.init9)
 *(.text)
 .text          0x00000000000001d2        0x4 /usr/lib/gcc/avr/4.9.2/../../../../avr/lib/avr5/crtm328p.o
                0x00000000000001d2                __vector_22
                0x00000000000001d2                __vector_1
                0x00000000000001d2                __vector_24
                0x00000000000001d2                __vector_12
                0x00000000000001d2                __bad_interrupt
                0x00000000000001d2                __vector_6
                0x00000000000001d2                __vector_3
                0x00000000000001d2                __vector_23
                0x00000000000001d2                __vector_25
                0x00000000000001d2                __vector_11
                0x00000000000001d2                __vector_13
                0x00000000000001d2                __vector_17
                0x00000000000001d2                __vector_19
                0x00000000000001d2                __vector_7
                0x00000000000001d2                __vector_5
                0x00000000000001d2                __vector_4
                0x00000000000001d2                __vector_9
                0x00000000000001d2                __vector_2
                0x00000000000001d2                __vector_21
                0x00000000000001d2                __vector_15
                0x00000000000001d2                __vector_8
                0x00000000000001d2                __vector_14
                0x00000000000001d2                __vector_10
                0x00000000000001d2                __vector_16
                0x00000000000001d2                __vector_18
                0x00000000000001d2                __vector_20
 .text          0x00000000000001d6        0x0 main.o
 .text          0x00000000000001d6       0x64 usart.o
                0x00000000000001d6                USART0Init
                0x00000000000001f6                USART0SendByte
                0x000000000000021c                USART0ReceiveByte
 .text          0x000000000000023a      0x102 twi_master.o
                0x000000000000023a                TWIInit
                0x000000000000024c                i2c_start
                0x0000000000000290                i2c_start_wait
                0x00000000000002de                i2c_rep_start
                0x00000000000002e2                i2c_stop
                0x00000000000002f2                i2c_write
                0x0000000000000314                i2c_readAck
                0x0000000000000328                i2c_readNak
 .text          0x000000000000033c       0xec LPS25H_BAR.o
                0x000000000000033c                read_temp_celsius
                0x000000000000039a                read_pressure_hpa
                0x000000000000041e                init_bar
 .text          0x0000000000000428      0x1c2 L3GD20H_GYRO.o
                0x0000000000000428                init_gyro
                0x0000000000000446                read_gyro_values
                0x00000000000004c2                read_gyro_values_dps
                0x000000000000054a                read_gyro_values_angle
 .text          0x00000000000005ea      0x252 LSM303D_ACC_MAG.o
                0x00000000000005ea                init_acc
                0x00000000000005fe                init_mag
                0x000000000000061c                read_acc_raw
                0x0000000000000698                read_acc_angel
                0x00000000000007c0                read_mag_raw
 .text          0x000000000000083c       0x8a ALTIMU_10.o
                0x000000000000083c                write_to_reg
                0x000000000000087e                read_from_reg
 .text          0x00000000000008c6        0x0 /usr/lib/gcc/avr/4.9.2/../../../../avr/lib/avr5/libprintf_flt.a(vfprintf_flt.o)
 .text          0x00000000000008c6        0x0 /usr/lib/gcc/avr/4.9.2/../../../../avr/lib/avr5/libm.a(addsf3.o)
 .text          0x00000000000008c6        0x0 /usr/lib/gcc/avr/4.9.2/../../../../avr/lib/avr5/libm.a(addsf3x.o)
 .text          0x00000000000008c6        0x0 /usr/lib/gcc/avr/4.9.2/../../../../avr/lib/avr5/libm.a(atan2.o)
 .text          0x00000000000008c6        0x0 /usr/lib/gcc/avr/4.9.2/../../../../avr/lib/avr5/libm.a(atan.o)
 .text          0x00000000000008c6        0x0 /usr/lib/gcc/avr/4.9.2/../../../../avr/lib/avr5/libm.a(divsf3.o)
 .text          0x00000000000008c6        0x0 /usr/lib/gcc/avr/4.9.2/../../../../avr/lib/avr5/libm.a(divsf3x.o)
 .text          0x00000000000008c6        0x0 /usr/lib/gcc/avr/4.9.2/../../../../avr/lib/avr5/libm.a(fixsfsi.o)
 .text          0x00000000000008c6        0x0 /usr/lib/gcc/avr/4.9.2/../../../../avr/lib/avr5/libm.a(fixunssfsi.o)
 .text          0x00000000000008c6        0x0 /usr/lib/gcc/avr/4.9.2/../../../../avr/lib/avr5/libm.a(floatsisf.o)
 .text          0x00000000000008c6        0x0 /usr/lib/gcc/avr/4.9.2/../../../../avr/lib/avr5/libm.a(fp_inf.o)
 .text          0x00000000000008c6        0x0 /usr/lib/gcc/avr/4.9.2/../../../../avr/lib/avr5/libm.a(fp_nan.o)
 .text          0x00000000000008c6        0x0 /usr/lib/gcc/avr/4.9.2/../../../../avr/lib/avr5/libm.a(fp_powser.o)
 .text          0x00000000000008c6        0x0 /usr/lib/gcc/avr/4.9.2/../../../../avr/lib/avr5/libm.a(fp_pscA.o)
 .text          0x00000000000008c6        0x0 /usr/lib/gcc/avr/4.9.2/../../../../avr/lib/avr5/libm.a(fp_pscB.o)
 .text          0x00000000000008c6        0x0 /usr/lib/gcc/avr/4.9.2/../../../../avr/lib/avr5/libm.a(fp_round.o)
 .text          0x00000000000008c6        0x0 /usr/lib/gcc/avr/4.9.2/../../../../avr/lib/avr5/libm.a(fp_split3.o)
 .text          0x00000000000008c6        0x0 /usr/lib/gcc/avr/4.9.2/../../../../avr/lib/avr5/libm.a(fp_zero.o)
 .text          0x00000000000008c6        0x0 /usr/lib/gcc/avr/4.9.2/../../../../avr/lib/avr5/libm.a(inverse.o)
 .text          0x00000000000008c6        0x0 /usr/lib/gcc/avr/4.9.2/../../../../avr/lib/avr5/libm.a(mulsf3.o)
 .text          0x00000000000008c6        0x0 /usr/lib/gcc/avr/4.9.2/../../../../avr/lib/avr5/libm.a(mulsf3x.o)
 .text          0x00000000000008c6        0x0 /usr/lib/gcc/avr/4.9.2/../../../../avr/lib/avr5/libm.a(square.o)
 .text          0x00000000000008c6        0x0 /usr/lib/gcc/avr/4.9.2/avr5/libgcc.a(_prologue.o)
 .text          0x00000000000008c6        0x0 /usr/lib/gcc/avr/4.9.2/avr5/libgcc.a(_epilogue.o)
 .text          0x00000000000008c6        0x0 /usr/lib/gcc/avr/4.9.2/avr5/libgcc.a(_exit.o)
 .text          0x00000000000008c6        0x0 /usr/lib/gcc/avr/4.9.2/avr5/libgcc.a(_copy_data.o)
 .text          0x00000000000008c6        0x0 /usr/lib/gcc/avr/4.9.2/../../../../avr/lib/avr5/libc.a(ftoa_engine.o)
 .text          0x00000000000008c6        0x0 /usr/lib/gcc/avr/4.9.2/../../../../avr/lib/avr5/libc.a(strnlen_P.o)
 .text          0x00000000000008c6        0x0 /usr/lib/gcc/avr/4.9.2/../../../../avr/lib/avr5/libc.a(strnlen.o)
 .text          0x00000000000008c6        0x0 /usr/lib/gcc/avr/4.9.2/../../../../avr/lib/avr5/libc.a(fputc.o)
 .text          0x00000000000008c6        0x0 /usr/lib/gcc/avr/4.9.2/../../../../avr/lib/avr5/libc.a(iob.o)
 .text          0x00000000000008c6        0x0 /usr/lib/gcc/avr/4.9.2/../../../../avr/lib/avr5/libc.a(printf.o)
 .text          0x00000000000008c6        0x0 /usr/lib/gcc/avr/4.9.2/../../../../avr/lib/avr5/libc.a(ultoa_invert.o)
 .text          0x00000000000008c6        0x0 /usr/lib/gcc/avr/4.9.2/avr5/libgcc.a(_clear_bss.o)
                0x00000000000008c6                . = ALIGN (0x2)
 *(.text.*)
 .text.startup  0x00000000000008c6       0x9c main.o
                0x00000000000008c6                main
 .text.avr-libc
                0x0000000000000962      0x6f8 /usr/lib/gcc/avr/4.9.2/../../../../avr/lib/avr5/libprintf_flt.a(vfprintf_flt.o)
                0x0000000000000962                vfprintf
 .text.avr-libc.fplib
                0x000000000000105a        0xa /usr/lib/gcc/avr/4.9.2/../../../../avr/lib/avr5/libm.a(addsf3.o)
                0x000000000000105a                __subsf3
                0x000000000000105c                __addsf3
 .text.avr-libc.fplib
                0x0000000000001064       0xc0 /usr/lib/gcc/avr/4.9.2/../../../../avr/lib/avr5/libm.a(addsf3x.o)
                0x000000000000107e                __addsf3x
 .text.avr-libc.fplib
                0x0000000000001124       0x74 /usr/lib/gcc/avr/4.9.2/../../../../avr/lib/avr5/libm.a(atan2.o)
                0x0000000000001142                atan2
 .text.avr-libc.fplib
                0x0000000000001198       0x50 /usr/lib/gcc/avr/4.9.2/../../../../avr/lib/avr5/libm.a(atan.o)
                0x0000000000001198                atan
 .text.avr-libc.fplib
                0x00000000000011e8        0x4 /usr/lib/gcc/avr/4.9.2/../../../../avr/lib/avr5/libm.a(divsf3.o)
                0x00000000000011e8                __divsf3
 .text.avr-libc.fplib
                0x00000000000011ec       0xcc /usr/lib/gcc/avr/4.9.2/../../../../avr/lib/avr5/libm.a(divsf3x.o)
                0x0000000000001202                __divsf3x
                0x0000000000001206                __divsf3_pse
 .text.avr-libc.fplib
                0x00000000000012b8        0xa /usr/lib/gcc/avr/4.9.2/../../../../avr/lib/avr5/libm.a(fixsfsi.o)
                0x00000000000012b8                __fixsfsi
 .text.avr-libc.fplib
                0x00000000000012c2       0x58 /usr/lib/gcc/avr/4.9.2/../../../../avr/lib/avr5/libm.a(fixunssfsi.o)
                0x00000000000012c2                __fixunssfsi
 .text.avr-libc.fplib
                0x000000000000131a       0x7a /usr/lib/gcc/avr/4.9.2/../../../../avr/lib/avr5/libm.a(floatsisf.o)
                0x000000000000131a                __floatunsisf
                0x000000000000131e                __floatsisf
 .text.avr-libc.fplib
                0x0000000000001394        0xc /usr/lib/gcc/avr/4.9.2/../../../../avr/lib/avr5/libm.a(fp_inf.o)
                0x0000000000001394                __fp_inf
 .text.avr-libc.fplib
                0x00000000000013a0        0x6 /usr/lib/gcc/avr/4.9.2/../../../../avr/lib/avr5/libm.a(fp_nan.o)
                0x00000000000013a0                __fp_nan
 .text.avr-libc.fplib
                0x00000000000013a6       0x4a /usr/lib/gcc/avr/4.9.2/../../../../avr/lib/avr5/libm.a(fp_powser.o)
                0x00000000000013a6                __fp_powser
 .text.avr-libc.fplib
                0x00000000000013f0        0xe /usr/lib/gcc/avr/4.9.2/../../../../avr/lib/avr5/libm.a(fp_pscA.o)
                0x00000000000013f0                __fp_pscA
 .text.avr-libc.fplib
                0x00000000000013fe        0xe /usr/lib/gcc/avr/4.9.2/../../../../avr/lib/avr5/libm.a(fp_pscB.o)
                0x00000000000013fe                __fp_pscB
 .text.avr-libc.fplib
                0x000000000000140c       0x22 /usr/lib/gcc/avr/4.9.2/../../../../avr/lib/avr5/libm.a(fp_round.o)
                0x000000000000140c                __fp_round
 .text.avr-libc.fplib
                0x000000000000142e       0x44 /usr/lib/gcc/avr/4.9.2/../../../../avr/lib/avr5/libm.a(fp_split3.o)
                0x000000000000142e                __fp_split3
                0x000000000000143e                __fp_splitA
 .text.avr-libc.fplib
                0x0000000000001472        0xe /usr/lib/gcc/avr/4.9.2/../../../../avr/lib/avr5/libm.a(fp_zero.o)
                0x0000000000001472                __fp_zero
                0x0000000000001474                __fp_szero
 .text.avr-libc.fplib
                0x0000000000001480        0xe /usr/lib/gcc/avr/4.9.2/../../../../avr/lib/avr5/libm.a(inverse.o)
                0x0000000000001480                inverse
 .text.avr-libc.fplib
                0x000000000000148e        0x4 /usr/lib/gcc/avr/4.9.2/../../../../avr/lib/avr5/libm.a(mulsf3.o)
                0x000000000000148e                __mulsf3
 .text.avr-libc.fplib
                0x0000000000001492       0xc2 /usr/lib/gcc/avr/4.9.2/../../../../avr/lib/avr5/libm.a(mulsf3x.o)
                0x00000000000014a6                __mulsf3x
                0x00000000000014aa                __mulsf3_pse
 .text.avr-libc.fplib
                0x0000000000001554        0x6 /usr/lib/gcc/avr/4.9.2/../../../../avr/lib/avr5/libm.a(square.o)
                0x0000000000001554                square
 .text.libgcc.mul
                0x000000000000155a        0x0 /usr/lib/gcc/avr/4.9.2/avr5/libgcc.a(_prologue.o)
 .text.libgcc.div
                0x000000000000155a        0x0 /usr/lib/gcc/avr/4.9.2/avr5/libgcc.a(_prologue.o)
 .text.libgcc   0x000000000000155a        0x0 /usr/lib/gcc/avr/4.9.2/avr5/libgcc.a(_prologue.o)
 .text.libgcc.prologue
                0x000000000000155a       0x38 /usr/lib/gcc/avr/4.9.2/avr5/libgcc.a(_prologue.o)
                0x000000000000155a                __prologue_saves__
 .text.libgcc.builtins
                0x0000000000001592        0x0 /usr/lib/gcc/avr/4.9.2/avr5/libgcc.a(_prologue.o)
 .text.libgcc.fmul
                0x0000000000001592        0x0 /usr/lib/gcc/avr/4.9.2/avr5/libgcc.a(_prologue.o)
 .text.libgcc.fixed
                0x0000000000001592        0x0 /usr/lib/gcc/avr/4.9.2/avr5/libgcc.a(_prologue.o)
 .text.libgcc.mul
                0x0000000000001592        0x0 /usr/lib/gcc/avr/4.9.2/avr5/libgcc.a(_epilogue.o)
 .text.libgcc.div
                0x0000000000001592        0x0 /usr/lib/gcc/avr/4.9.2/avr5/libgcc.a(_epilogue.o)
 .text.libgcc   0x0000000000001592        0x0 /usr/lib/gcc/avr/4.9.2/avr5/libgcc.a(_epilogue.o)
 .text.libgcc.prologue
                0x0000000000001592       0x36 /usr/lib/gcc/avr/4.9.2/avr5/libgcc.a(_epilogue.o)
                0x0000000000001592                __epilogue_restores__
 .text.libgcc.builtins
                0x00000000000015c8        0x0 /usr/lib/gcc/avr/4.9.2/avr5/libgcc.a(_epilogue.o)
 .text.libgcc.fmul
                0x00000000000015c8        0x0 /usr/lib/gcc/avr/4.9.2/avr5/libgcc.a(_epilogue.o)
 .text.libgcc.fixed
                0x00000000000015c8        0x0 /usr/lib/gcc/avr/4.9.2/avr5/libgcc.a(_epilogue.o)
 .text.libgcc.mul
                0x00000000000015c8        0x0 /usr/lib/gcc/avr/4.9.2/avr5/libgcc.a(_exit.o)
 .text.libgcc.div
                0x00000000000015c8        0x0 /usr/lib/gcc/avr/4.9.2/avr5/libgcc.a(_exit.o)
 .text.libgcc   0x00000000000015c8        0x0 /usr/lib/gcc/avr/4.9.2/avr5/libgcc.a(_exit.o)
 .text.libgcc.prologue
                0x00000000000015c8        0x0 /usr/lib/gcc/avr/4.9.2/avr5/libgcc.a(_exit.o)
 .text.libgcc.builtins
                0x00000000000015c8        0x0 /usr/lib/gcc/avr/4.9.2/avr5/libgcc.a(_exit.o)
 .text.libgcc.fmul
                0x00000000000015c8        0x0 /usr/lib/gcc/avr/4.9.2/avr5/libgcc.a(_exit.o)
 .text.libgcc.fixed
                0x00000000000015c8        0x0 /usr/lib/gcc/avr/4.9.2/avr5/libgcc.a(_exit.o)
 .text.libgcc.mul
                0x00000000000015c8        0x0 /usr/lib/gcc/avr/4.9.2/avr5/libgcc.a(_copy_data.o)
 .text.libgcc.div
                0x00000000000015c8        0x0 /usr/lib/gcc/avr/4.9.2/avr5/libgcc.a(_copy_data.o)
 .text.libgcc   0x00000000000015c8        0x0 /usr/lib/gcc/avr/4.9.2/avr5/libgcc.a(_copy_data.o)
 .text.libgcc.prologue
                0x00000000000015c8        0x0 /usr/lib/gcc/avr/4.9.2/avr5/libgcc.a(_copy_data.o)
 .text.libgcc.builtins
                0x00000000000015c8        0x0 /usr/lib/gcc/avr/4.9.2/avr5/libgcc.a(_copy_data.o)
 .text.libgcc.fmul
                0x00000000000015c8        0x0 /usr/lib/gcc/avr/4.9.2/avr5/libgcc.a(_copy_data.o)
 .text.libgcc.fixed
                0x00000000000015c8        0x0 /usr/lib/gcc/avr/4.9.2/avr5/libgcc.a(_copy_data.o)
 .text.avr-libc
                0x00000000000015c8      0x1b0 /usr/lib/gcc/avr/4.9.2/../../../../avr/lib/avr5/libc.a(ftoa_engine.o)
                0x00000000000015c8                __ftoa_engine
 .text.avr-libc
                0x0000000000001778       0x16 /usr/lib/gcc/avr/4.9.2/../../../../avr/lib/avr5/libc.a(strnlen_P.o)
                0x0000000000001778                strnlen_P
 .text.avr-libc
                0x000000000000178e       0x16 /usr/lib/gcc/avr/4.9.2/../../../../avr/lib/avr5/libc.a(strnlen.o)
                0x000000000000178e                strnlen
 .text.avr-libc
                0x00000000000017a4       0x70 /usr/lib/gcc/avr/4.9.2/../../../../avr/lib/avr5/libc.a(fputc.o)
                0x00000000000017a4                fputc
 .text.avr-libc
                0x0000000000001814       0x2c /usr/lib/gcc/avr/4.9.2/../../../../avr/lib/avr5/libc.a(printf.o)
                0x0000000000001814                printf
 .text.avr-libc
                0x0000000000001840       0xbc /usr/lib/gcc/avr/4.9.2/../../../../avr/lib/avr5/libc.a(ultoa_invert.o)
                0x0000000000001840                __ultoa_invert
 .text.libgcc.mul
                0x00000000000018fc        0x0 /usr/lib/gcc/avr/4.9.2/avr5/libgcc.a(_clear_bss.o)
 .text.libgcc.div
                0x00000000000018fc        0x0 /usr/lib/gcc/avr/4.9.2/avr5/libgcc.a(_clear_bss.o)
 .text.libgcc   0x00000000000018fc        0x0 /usr/lib/gcc/avr/4.9.2/avr5/libgcc.a(_clear_bss.o)
 .text.libgcc.prologue
                0x00000000000018fc        0x0 /usr/lib/gcc/avr/4.9.2/avr5/libgcc.a(_clear_bss.o)
 .text.libgcc.builtins
                0x00000000000018fc        0x0 /usr/lib/gcc/avr/4.9.2/avr5/libgcc.a(_clear_bss.o)
 .text.libgcc.fmul
                0x00000000000018fc        0x0 /usr/lib/gcc/avr/4.9.2/avr5/libgcc.a(_clear_bss.o)
 .text.libgcc.fixed
                0x00000000000018fc        0x0 /usr/lib/gcc/avr/4.9.2/avr5/libgcc.a(_clear_bss.o)
                0x00000000000018fc                . = ALIGN (0x2)
 *(.fini9)
 .fini9         0x00000000000018fc        0x0 /usr/lib/gcc/avr/4.9.2/avr5/libgcc.a(_exit.o)
                0x00000000000018fc                exit
                0x00000000000018fc                _exit
 *(.fini9)
 *(.fini8)
 *(.fini8)
 *(.fini7)
 *(.fini7)
 *(.fini6)
 *(.fini6)
 *(.fini5)
 *(.fini5)
 *(.fini4)
 *(.fini4)
 *(.fini3)
 *(.fini3)
 *(.fini2)
 *(.fini2)
 *(.fini1)
 *(.fini1)
 *(.fini0)
 .fini0         0x00000000000018fc        0x4 /usr/lib/gcc/avr/4.9.2/avr5/libgcc.a(_exit.o)
 *(.fini0)
                0x0000000000001900                _etext = .

.data           0x0000000000800100       0x16 load address 0x0000000000001900
                0x0000000000800100                PROVIDE (__data_start, .)
 *(.data)
 .data          0x0000000000800100        0x0 /usr/lib/gcc/avr/4.9.2/../../../../avr/lib/avr5/crtm328p.o
 .data          0x0000000000800100        0x0 main.o
 .data          0x0000000000800100        0x0 usart.o
 .data          0x0000000000800100        0x0 twi_master.o
 .data          0x0000000000800100        0x0 LPS25H_BAR.o
 .data          0x0000000000800100        0x0 L3GD20H_GYRO.o
 .data          0x0000000000800100        0x0 LSM303D_ACC_MAG.o
 .data          0x0000000000800100        0x0 ALTIMU_10.o
 .data          0x0000000000800100        0x0 /usr/lib/gcc/avr/4.9.2/../../../../avr/lib/avr5/libprintf_flt.a(vfprintf_flt.o)
 .data          0x0000000000800100        0x0 /usr/lib/gcc/avr/4.9.2/../../../../avr/lib/avr5/libm.a(addsf3.o)
 .data          0x0000000000800100        0x0 /usr/lib/gcc/avr/4.9.2/../../../../avr/lib/avr5/libm.a(addsf3x.o)
 .data          0x0000000000800100        0x0 /usr/lib/gcc/avr/4.9.2/../../../../avr/lib/avr5/libm.a(atan2.o)
 .data          0x0000000000800100        0x0 /usr/lib/gcc/avr/4.9.2/../../../../avr/lib/avr5/libm.a(atan.o)
 .data          0x0000000000800100        0x0 /usr/lib/gcc/avr/4.9.2/../../../../avr/lib/avr5/libm.a(divsf3.o)
 .data          0x0000000000800100        0x0 /usr/lib/gcc/avr/4.9.2/../../../../avr/lib/avr5/libm.a(divsf3x.o)
 .data          0x0000000000800100        0x0 /usr/lib/gcc/avr/4.9.2/../../../../avr/lib/avr5/libm.a(fixsfsi.o)
 .data          0x0000000000800100        0x0 /usr/lib/gcc/avr/4.9.2/../../../../avr/lib/avr5/libm.a(fixunssfsi.o)
 .data          0x0000000000800100        0x0 /usr/lib/gcc/avr/4.9.2/../../../../avr/lib/avr5/libm.a(floatsisf.o)
 .data          0x0000000000800100        0x0 /usr/lib/gcc/avr/4.9.2/../../../../avr/lib/avr5/libm.a(fp_inf.o)
 .data          0x0000000000800100        0x0 /usr/lib/gcc/avr/4.9.2/../../../../avr/lib/avr5/libm.a(fp_nan.o)
 .data          0x0000000000800100        0x0 /usr/lib/gcc/avr/4.9.2/../../../../avr/lib/avr5/libm.a(fp_powser.o)
 .data          0x0000000000800100        0x0 /usr/lib/gcc/avr/4.9.2/../../../../avr/lib/avr5/libm.a(fp_pscA.o)
 .data          0x0000000000800100        0x0 /usr/lib/gcc/avr/4.9.2/../../../../avr/lib/avr5/libm.a(fp_pscB.o)
 .data          0x0000000000800100        0x0 /usr/lib/gcc/avr/4.9.2/../../../../avr/lib/avr5/libm.a(fp_round.o)
 .data          0x0000000000800100        0x0 /usr/lib/gcc/avr/4.9.2/../../../../avr/lib/avr5/libm.a(fp_split3.o)
 .data          0x0000000000800100        0x0 /usr/lib/gcc/avr/4.9.2/../../../../avr/lib/avr5/libm.a(fp_zero.o)
 .data          0x0000000000800100        0x0 /usr/lib/gcc/avr/4.9.2/../../../../avr/lib/avr5/libm.a(inverse.o)
 .data          0x0000000000800100        0x0 /usr/lib/gcc/avr/4.9.2/../../../../avr/lib/avr5/libm.a(mulsf3.o)
 .data          0x0000000000800100        0x0 /usr/lib/gcc/avr/4.9.2/../../../../avr/lib/avr5/libm.a(mulsf3x.o)
 .data          0x0000000000800100        0x0 /usr/lib/gcc/avr/4.9.2/../../../../avr/lib/avr5/libm.a(square.o)
 .data          0x0000000000800100        0x0 /usr/lib/gcc/avr/4.9.2/avr5/libgcc.a(_prologue.o)
 .data          0x0000000000800100        0x0 /usr/lib/gcc/avr/4.9.2/avr5/libgcc.a(_epilogue.o)
 .data          0x0000000000800100        0x0 /usr/lib/gcc/avr/4.9.2/avr5/libgcc.a(_exit.o)
 .data          0x0000000000800100        0x0 /usr/lib/gcc/avr/4.9.2/avr5/libgcc.a(_copy_data.o)
 .data          0x0000000000800100        0x0 /usr/lib/gcc/avr/4.9.2/../../../../avr/lib/avr5/libc.a(ftoa_engine.o)
 .data          0x0000000000800100        0x0 /usr/lib/gcc/avr/4.9.2/../../../../avr/lib/avr5/libc.a(strnlen_P.o)
 .data          0x0000000000800100        0x0 /usr/lib/gcc/avr/4.9.2/../../../../avr/lib/avr5/libc.a(strnlen.o)
 .data          0x0000000000800100        0x0 /usr/lib/gcc/avr/4.9.2/../../../../avr/lib/avr5/libc.a(fputc.o)
 .data          0x0000000000800100        0x0 /usr/lib/gcc/avr/4.9.2/../../../../avr/lib/avr5/libc.a(iob.o)
 .data          0x0000000000800100        0x0 /usr/lib/gcc/avr/4.9.2/../../../../avr/lib/avr5/libc.a(printf.o)
 .data          0x0000000000800100        0x0 /usr/lib/gcc/avr/4.9.2/../../../../avr/lib/avr5/libc.a(ultoa_invert.o)
 .data          0x0000000000800100        0x0 /usr/lib/gcc/avr/4.9.2/avr5/libgcc.a(_clear_bss.o)
 *(.data*)
 *(.rodata)
 *(.rodata*)
 .rodata.str1.1
                0x0000000000800100       0x15 main.o
 *(.gnu.linkonce.d*)
                0x0000000000800116                . = ALIGN (0x2)
 *fill*         0x0000000000800115        0x1 
                0x0000000000800116                _edata = .
                0x0000000000800116                PROVIDE (__data_end, .)

.bss            0x0000000000800116        0x6
                0x0000000000800116                PROVIDE (__bss_start, .)
 *(.bss)
 .bss           0x0000000000800116        0x0 /usr/lib/gcc/avr/4.9.2/../../../../avr/lib/avr5/crtm328p.o
 .bss           0x0000000000800116        0x0 main.o
 .bss           0x0000000000800116        0x0 usart.o
 .bss           0x0000000000800116        0x0 twi_master.o
 .bss           0x0000000000800116        0x0 LPS25H_BAR.o
 .bss           0x0000000000800116        0x0 L3GD20H_GYRO.o
 .bss           0x0000000000800116        0x0 LSM303D_ACC_MAG.o
 .bss           0x0000000000800116        0x0 ALTIMU_10.o
 .bss           0x0000000000800116        0x0 /usr/lib/gcc/avr/4.9.2/../../../../avr/lib/avr5/libprintf_flt.a(vfprintf_flt.o)
 .bss           0x0000000000800116        0x0 /usr/lib/gcc/avr/4.9.2/../../../../avr/lib/avr5/libm.a(addsf3.o)
 .bss           0x0000000000800116        0x0 /usr/lib/gcc/avr/4.9.2/../../../../avr/lib/avr5/libm.a(addsf3x.o)
 .bss           0x0000000000800116        0x0 /usr/lib/gcc/avr/4.9.2/../../../../avr/lib/avr5/libm.a(atan2.o)
 .bss           0x0000000000800116        0x0 /usr/lib/gcc/avr/4.9.2/../../../../avr/lib/avr5/libm.a(atan.o)
 .bss           0x0000000000800116        0x0 /usr/lib/gcc/avr/4.9.2/../../../../avr/lib/avr5/libm.a(divsf3.o)
 .bss           0x0000000000800116        0x0 /usr/lib/gcc/avr/4.9.2/../../../../avr/lib/avr5/libm.a(divsf3x.o)
 .bss           0x0000000000800116        0x0 /usr/lib/gcc/avr/4.9.2/../../../../avr/lib/avr5/libm.a(fixsfsi.o)
 .bss           0x0000000000800116        0x0 /usr/lib/gcc/avr/4.9.2/../../../../avr/lib/avr5/libm.a(fixunssfsi.o)
 .bss           0x0000000000800116        0x0 /usr/lib/gcc/avr/4.9.2/../../../../avr/lib/avr5/libm.a(floatsisf.o)
 .bss           0x0000000000800116        0x0 /usr/lib/gcc/avr/4.9.2/../../../../avr/lib/avr5/libm.a(fp_inf.o)
 .bss           0x0000000000800116        0x0 /usr/lib/gcc/avr/4.9.2/../../../../avr/lib/avr5/libm.a(fp_nan.o)
 .bss           0x0000000000800116        0x0 /usr/lib/gcc/avr/4.9.2/../../../../avr/lib/avr5/libm.a(fp_powser.o)
 .bss           0x0000000000800116        0x0 /usr/lib/gcc/avr/4.9.2/../../../../avr/lib/avr5/libm.a(fp_pscA.o)
 .bss           0x0000000000800116        0x0 /usr/lib/gcc/avr/4.9.2/../../../../avr/lib/avr5/libm.a(fp_pscB.o)
 .bss           0x0000000000800116        0x0 /usr/lib/gcc/avr/4.9.2/../../../../avr/lib/avr5/libm.a(fp_round.o)
 .bss           0x0000000000800116        0x0 /usr/lib/gcc/avr/4.9.2/../../../../avr/lib/avr5/libm.a(fp_split3.o)
 .bss           0x0000000000800116        0x0 /usr/lib/gcc/avr/4.9.2/../../../../avr/lib/avr5/libm.a(fp_zero.o)
 .bss           0x0000000000800116        0x0 /usr/lib/gcc/avr/4.9.2/../../../../avr/lib/avr5/libm.a(inverse.o)
 .bss           0x0000000000800116        0x0 /usr/lib/gcc/avr/4.9.2/../../../../avr/lib/avr5/libm.a(mulsf3.o)
 .bss           0x0000000000800116        0x0 /usr/lib/gcc/avr/4.9.2/../../../../avr/lib/avr5/libm.a(mulsf3x.o)
 .bss           0x0000000000800116        0x0 /usr/lib/gcc/avr/4.9.2/../../../../avr/lib/avr5/libm.a(square.o)
 .bss           0x0000000000800116        0x0 /usr/lib/gcc/avr/4.9.2/avr5/libgcc.a(_prologue.o)
 .bss           0x0000000000800116        0x0 /usr/lib/gcc/avr/4.9.2/avr5/libgcc.a(_epilogue.o)
 .bss           0x0000000000800116        0x0 /usr/lib/gcc/avr/4.9.2/avr5/libgcc.a(_exit.o)
 .bss           0x0000000000800116        0x0 /usr/lib/gcc/avr/4.9.2/avr5/libgcc.a(_copy_data.o)
 .bss           0x0000000000800116        0x0 /usr/lib/gcc/avr/4.9.2/../../../../avr/lib/avr5/libc.a(ftoa_engine.o)
 .bss           0x0000000000800116        0x0 /usr/lib/gcc/avr/4.9.2/../../../../avr/lib/avr5/libc.a(strnlen_P.o)
 .bss           0x0000000000800116        0x0 /usr/lib/gcc/avr/4.9.2/../../../../avr/lib/avr5/libc.a(strnlen.o)
 .bss           0x0000000000800116        0x0 /usr/lib/gcc/avr/4.9.2/../../../../avr/lib/avr5/libc.a(fputc.o)
 .bss           0x0000000000800116        0x0 /usr/lib/gcc/avr/4.9.2/../../../../avr/lib/avr5/libc.a(iob.o)
 .bss           0x0000000000800116        0x0 /usr/lib/gcc/avr/4.9.2/../../../../avr/lib/avr5/libc.a(printf.o)
 .bss           0x0000000000800116        0x0 /usr/lib/gcc/avr/4.9.2/../../../../avr/lib/avr5/libc.a(ultoa_invert.o)
 .bss           0x0000000000800116        0x0 /usr/lib/gcc/avr/4.9.2/avr5/libgcc.a(_clear_bss.o)
 *(.bss*)
 *(COMMON)
 COMMON         0x0000000000800116        0x6 /usr/lib/gcc/avr/4.9.2/../../../../avr/lib/avr5/libc.a(iob.o)
                0x0000000000800116                __iob
                0x000000000080011c                PROVIDE (__bss_end, .)
                0x0000000000001900                __data_load_start = LOADADDR (.data)
                0x0000000000001916                __data_load_end = (__data_load_start + SIZEOF (.data))

.noinit         0x000000000080011c        0x0
                0x000000000080011c                PROVIDE (__noinit_start, .)
 *(.noinit*)
                0x000000000080011c                PROVIDE (__noinit_end, .)
                0x000000000080011c                _end = .
                0x000000000080011c                PROVIDE (__heap_start, .)

.eeprom         0x0000000000810000        0x0
 *(.eeprom*)
                0x0000000000810000                __eeprom_end = .

.fuse
 *(.fuse)
 *(.lfuse)
 *(.hfuse)
 *(.efuse)

.lock
 *(.lock*)

.signature
 *(.signature*)

.stab           0x0000000000000000     0x2394
 *(.stab)
 .stab          0x0000000000000000      0x6f0 main.o
 .stab          0x00000000000006f0      0x3fc usart.o
                                        0x624 (size before relaxing)
 .stab          0x0000000000000aec      0x648 twi_master.o
                                        0x810 (size before relaxing)
 .stab          0x0000000000001134      0x438 LPS25H_BAR.o
                                        0x600 (size before relaxing)
 .stab          0x000000000000156c      0x4bc L3GD20H_GYRO.o
                                        0x6d8 (size before relaxing)
 .stab          0x0000000000001a28      0x5d0 LSM303D_ACC_MAG.o
                                        0x7ec (size before relaxing)
 .stab          0x0000000000001ff8      0x39c ALTIMU_10.o
                                        0x564 (size before relaxing)

.stabstr        0x0000000000000000     0x148d
 *(.stabstr)
 .stabstr       0x0000000000000000     0x148d main.o

.stab.excl
 *(.stab.excl)

.stab.exclstr
 *(.stab.exclstr)

.stab.index
 *(.stab.index)

.stab.indexstr
 *(.stab.indexstr)

.comment        0x0000000000000000       0x27
 *(.comment)
 .comment       0x0000000000000000       0x27 main.o
                                         0x28 (size before relaxing)
 .comment       0x0000000000000027       0x28 usart.o
 .comment       0x0000000000000027       0x28 twi_master.o
 .comment       0x0000000000000027       0x28 LPS25H_BAR.o
 .comment       0x0000000000000027       0x28 L3GD20H_GYRO.o
 .comment       0x0000000000000027       0x28 LSM303D_ACC_MAG.o
 .comment       0x0000000000000027       0x28 ALTIMU_10.o
 .comment       0x0000000000000027       0x28 /usr/lib/gcc/avr/4.9.2/../../../../avr/lib/avr5/libprintf_flt.a(vfprintf_flt.o)
 .comment       0x0000000000000027       0x28 /usr/lib/gcc/avr/4.9.2/../../../../avr/lib/avr5/libc.a(fputc.o)
 .comment       0x0000000000000027       0x28 /usr/lib/gcc/avr/4.9.2/../../../../avr/lib/avr5/libc.a(iob.o)
 .comment       0x0000000000000027       0x28 /usr/lib/gcc/avr/4.9.2/../../../../avr/lib/avr5/libc.a(printf.o)

.note.gnu.build-id
 *(.note.gnu.build-id)

.debug
 *(.debug)

.line
 *(.line)

.debug_srcinfo
 *(.debug_srcinfo)

.debug_sfnames
 *(.debug_sfnames)

.debug_aranges
 *(.debug_aranges)

.debug_pubnames
 *(.debug_pubnames)

.debug_info     0x0000000000000000      0x5f4
 *(.debug_info .gnu.linkonce.wi.*)
 .debug_info    0x0000000000000000      0x5f4 /usr/lib/gcc/avr/4.9.2/../../../../avr/lib/avr5/crtm328p.o

.debug_abbrev   0x0000000000000000      0x5a2
 *(.debug_abbrev)
 .debug_abbrev  0x0000000000000000      0x5a2 /usr/lib/gcc/avr/4.9.2/../../../../avr/lib/avr5/crtm328p.o

.debug_line     0x0000000000000000       0x1d
 *(.debug_line .debug_line.* .debug_line_end)
 .debug_line    0x0000000000000000       0x1d /usr/lib/gcc/avr/4.9.2/../../../../avr/lib/avr5/crtm328p.o

.debug_frame
 *(.debug_frame)

.debug_str      0x0000000000000000      0x208
 *(.debug_str)
 .debug_str     0x0000000000000000      0x208 /usr/lib/gcc/avr/4.9.2/../../../../avr/lib/avr5/crtm328p.o

.debug_loc
 *(.debug_loc)

.debug_macinfo
 *(.debug_macinfo)

.debug_weaknames
 *(.debug_weaknames)

.debug_funcnames
 *(.debug_funcnames)

.debug_typenames
 *(.debug_typenames)

.debug_varnames
 *(.debug_varnames)

.debug_pubtypes
 *(.debug_pubtypes)

.debug_ranges
 *(.debug_ranges)

.debug_macro
 *(.debug_macro)
OUTPUT(main.elf elf32-avr)
LOAD linker stubs

Cross Reference Table

Symbol                                            File
TWIInit                                           twi_master.o
                                                  main.o
USART0Init                                        usart.o
                                                  main.o
USART0ReceiveByte                                 usart.o
                                                  main.o
USART0SendByte                                    usart.o
                                                  main.o
__addsf3                                          /usr/lib/gcc/avr/4.9.2/../../../../avr/lib/avr5/libm.a(addsf3.o)
                                                  /usr/lib/gcc/avr/4.9.2/../../../../avr/lib/avr5/libm.a(atan2.o)
                                                  LSM303D_ACC_MAG.o
                                                  L3GD20H_GYRO.o
                                                  LPS25H_BAR.o
__addsf3x                                         /usr/lib/gcc/avr/4.9.2/../../../../avr/lib/avr5/libm.a(addsf3x.o)
                                                  /usr/lib/gcc/avr/4.9.2/../../../../avr/lib/avr5/libm.a(fp_powser.o)
                                                  /usr/lib/gcc/avr/4.9.2/../../../../avr/lib/avr5/libm.a(atan.o)
                                                  /usr/lib/gcc/avr/4.9.2/../../../../avr/lib/avr5/libm.a(addsf3.o)
__bad_interrupt                                   /usr/lib/gcc/avr/4.9.2/../../../../avr/lib/avr5/crtm328p.o
__bss_end                                         /usr/lib/gcc/avr/4.9.2/avr5/libgcc.a(_clear_bss.o)
__bss_start                                       /usr/lib/gcc/avr/4.9.2/avr5/libgcc.a(_clear_bss.o)
__data_end                                        /usr/lib/gcc/avr/4.9.2/avr5/libgcc.a(_copy_data.o)
__data_load_start                                 /usr/lib/gcc/avr/4.9.2/avr5/libgcc.a(_copy_data.o)
__data_start                                      /usr/lib/gcc/avr/4.9.2/avr5/libgcc.a(_copy_data.o)
__divsf3                                          /usr/lib/gcc/avr/4.9.2/../../../../avr/lib/avr5/libm.a(divsf3.o)
                                                  /usr/lib/gcc/avr/4.9.2/../../../../avr/lib/avr5/libm.a(inverse.o)
                                                  LPS25H_BAR.o
__divsf3_pse                                      /usr/lib/gcc/avr/4.9.2/../../../../avr/lib/avr5/libm.a(divsf3x.o)
                                                  /usr/lib/gcc/avr/4.9.2/../../../../avr/lib/avr5/libm.a(atan2.o)
__divsf3x                                         /usr/lib/gcc/avr/4.9.2/../../../../avr/lib/avr5/libm.a(divsf3x.o)
                                                  /usr/lib/gcc/avr/4.9.2/../../../../avr/lib/avr5/libm.a(divsf3.o)
__do_clear_bss                                    /usr/lib/gcc/avr/4.9.2/avr5/libgcc.a(_clear_bss.o)
                                                  /usr/lib/gcc/avr/4.9.2/../../../../avr/lib/avr5/libc.a(iob.o)
__do_copy_data                                    /usr/lib/gcc/avr/4.9.2/avr5/libgcc.a(_copy_data.o)
                                                  main.o
__epilogue_restores__                             /usr/lib/gcc/avr/4.9.2/avr5/libgcc.a(_epilogue.o)
                                                  /usr/lib/gcc/avr/4.9.2/../../../../avr/lib/avr5/libc.a(printf.o)
                                                  /usr/lib/gcc/avr/4.9.2/../../../../avr/lib/avr5/libprintf_flt.a(vfprintf_flt.o)
__fixsfsi                                         /usr/lib/gcc/avr/4.9.2/../../../../avr/lib/avr5/libm.a(fixsfsi.o)
                                                  LSM303D_ACC_MAG.o
__fixunssfsi                                      /usr/lib/gcc/avr/4.9.2/../../../../avr/lib/avr5/libm.a(fixunssfsi.o)
                                                  /usr/lib/gcc/avr/4.9.2/../../../../avr/lib/avr5/libm.a(fixsfsi.o)
__floatsisf                                       /usr/lib/gcc/avr/4.9.2/../../../../avr/lib/avr5/libm.a(floatsisf.o)
                                                  LSM303D_ACC_MAG.o
                                                  L3GD20H_GYRO.o
                                                  LPS25H_BAR.o
__floatunsisf                                     /usr/lib/gcc/avr/4.9.2/../../../../avr/lib/avr5/libm.a(floatsisf.o)
__fp_inf                                          /usr/lib/gcc/avr/4.9.2/../../../../avr/lib/avr5/libm.a(fp_inf.o)
                                                  /usr/lib/gcc/avr/4.9.2/../../../../avr/lib/avr5/libm.a(mulsf3x.o)
                                                  /usr/lib/gcc/avr/4.9.2/../../../../avr/lib/avr5/libm.a(divsf3x.o)
                                                  /usr/lib/gcc/avr/4.9.2/../../../../avr/lib/avr5/libm.a(addsf3x.o)
__fp_nan                                          /usr/lib/gcc/avr/4.9.2/../../../../avr/lib/avr5/libm.a(fp_nan.o)
                                                  /usr/lib/gcc/avr/4.9.2/../../../../avr/lib/avr5/libm.a(mulsf3x.o)
                                                  /usr/lib/gcc/avr/4.9.2/../../../../avr/lib/avr5/libm.a(divsf3x.o)
                                                  /usr/lib/gcc/avr/4.9.2/../../../../avr/lib/avr5/libm.a(atan2.o)
                                                  /usr/lib/gcc/avr/4.9.2/../../../../avr/lib/avr5/libm.a(addsf3x.o)
__fp_powser                                       /usr/lib/gcc/avr/4.9.2/../../../../avr/lib/avr5/libm.a(fp_powser.o)
                                                  /usr/lib/gcc/avr/4.9.2/../../../../avr/lib/avr5/libm.a(atan.o)
__fp_pscA                                         /usr/lib/gcc/avr/4.9.2/../../../../avr/lib/avr5/libm.a(fp_pscA.o)
                                                  /usr/lib/gcc/avr/4.9.2/../../../../avr/lib/avr5/libm.a(mulsf3x.o)
                                                  /usr/lib/gcc/avr/4.9.2/../../../../avr/lib/avr5/libm.a(divsf3x.o)
                                                  /usr/lib/gcc/avr/4.9.2/../../../../avr/lib/avr5/libm.a(atan2.o)
                                                  /usr/lib/gcc/avr/4.9.2/../../../../avr/lib/avr5/libm.a(addsf3x.o)
__fp_pscB                                         /usr/lib/gcc/avr/4.9.2/../../../../avr/lib/avr5/libm.a(fp_pscB.o)
                                                  /usr/lib/gcc/avr/4.9.2/../../../../avr/lib/avr5/libm.a(mulsf3x.o)
                                                  /usr/lib/gcc/avr/4.9.2/../../../../avr/lib/avr5/libm.a(divsf3x.o)
                                                  /usr/lib/gcc/avr/4.9.2/../../../../avr/lib/avr5/libm.a(atan2.o)
                                                  /usr/lib/gcc/avr/4.9.2/../../../../avr/lib/avr5/libm.a(addsf3x.o)
__fp_round                                        /usr/lib/gcc/avr/4.9.2/../../../../avr/lib/avr5/libm.a(fp_round.o)
                                                  /usr/lib/gcc/avr/4.9.2/../../../../avr/lib/avr5/libm.a(mulsf3.o)
                                                  /usr/lib/gcc/avr/4.9.2/../../../../avr/lib/avr5/libm.a(divsf3.o)
                                                  /usr/lib/gcc/avr/4.9.2/../../../../avr/lib/avr5/libm.a(atan.o)
                                                  /usr/lib/gcc/avr/4.9.2/../../../../avr/lib/avr5/libm.a(atan2.o)
                                                  /usr/lib/gcc/avr/4.9.2/../../../../avr/lib/avr5/libm.a(addsf3.o)
__fp_split3                                       /usr/lib/gcc/avr/4.9.2/../../../../avr/lib/avr5/libm.a(fp_split3.o)
                                                  /usr/lib/gcc/avr/4.9.2/../../../../avr/lib/avr5/libm.a(mulsf3x.o)
                                                  /usr/lib/gcc/avr/4.9.2/../../../../avr/lib/avr5/libm.a(divsf3x.o)
                                                  /usr/lib/gcc/avr/4.9.2/../../../../avr/lib/avr5/libm.a(atan2.o)
                                                  /usr/lib/gcc/avr/4.9.2/../../../../avr/lib/avr5/libm.a(addsf3x.o)
__fp_splitA                                       /usr/lib/gcc/avr/4.9.2/../../../../avr/lib/avr5/libm.a(fp_split3.o)
                                                  /usr/lib/gcc/avr/4.9.2/../../../../avr/lib/avr5/libm.a(fixunssfsi.o)
__fp_szero                                        /usr/lib/gcc/avr/4.9.2/../../../../avr/lib/avr5/libm.a(fp_zero.o)
                                                  /usr/lib/gcc/avr/4.9.2/../../../../avr/lib/avr5/libm.a(mulsf3x.o)
                                                  /usr/lib/gcc/avr/4.9.2/../../../../avr/lib/avr5/libm.a(fixsfsi.o)
                                                  /usr/lib/gcc/avr/4.9.2/../../../../avr/lib/avr5/libm.a(divsf3x.o)
__fp_zero                                         /usr/lib/gcc/avr/4.9.2/../../../../avr/lib/avr5/libm.a(fp_zero.o)
                                                  /usr/lib/gcc/avr/4.9.2/../../../../avr/lib/avr5/libm.a(fixunssfsi.o)
                                                  /usr/lib/gcc/avr/4.9.2/../../../../avr/lib/avr5/libm.a(atan2.o)
                                                  /usr/lib/gcc/avr/4.9.2/../../../../avr/lib/avr5/libm.a(addsf3x.o)
__ftoa_engine                                     /usr/lib/gcc/avr/4.9.2/../../../../avr/lib/avr5/libc.a(ftoa_engine.o)
                                                  /usr/lib/gcc/avr/4.9.2/../../../../avr/lib/avr5/libprintf_flt.a(vfprintf_flt.o)
__heap_end                                        /usr/lib/gcc/avr/4.9.2/../../../../avr/lib/avr5/crtm328p.o
__init                                            /usr/lib/gcc/avr/4.9.2/../../../../avr/lib/avr5/crtm328p.o
__iob                                             /usr/lib/gcc/avr/4.9.2/../../../../avr/lib/avr5/libc.a(iob.o)
                                                  /usr/lib/gcc/avr/4.9.2/../../../../avr/lib/avr5/libc.a(printf.o)
                                                  main.o
__mulsf3                                          /usr/lib/gcc/avr/4.9.2/../../../../avr/lib/avr5/libm.a(mulsf3.o)
                                                  /usr/lib/gcc/avr/4.9.2/../../../../avr/lib/avr5/libm.a(square.o)
                                                  LSM303D_ACC_MAG.o
                                                  L3GD20H_GYRO.o
                                                  LPS25H_BAR.o
__mulsf3_pse                                      /usr/lib/gcc/avr/4.9.2/../../../../avr/lib/avr5/libm.a(mulsf3x.o)
__mulsf3x                                         /usr/lib/gcc/avr/4.9.2/../../../../avr/lib/avr5/libm.a(mulsf3x.o)
                                                  /usr/lib/gcc/avr/4.9.2/../../../../avr/lib/avr5/libm.a(mulsf3.o)
                                                  /usr/lib/gcc/avr/4.9.2/../../../../avr/lib/avr5/libm.a(fp_powser.o)
                                                  /usr/lib/gcc/avr/4.9.2/../../../../avr/lib/avr5/libm.a(atan.o)
__prologue_saves__                                /usr/lib/gcc/avr/4.9.2/avr5/libgcc.a(_prologue.o)
                                                  /usr/lib/gcc/avr/4.9.2/../../../../avr/lib/avr5/libc.a(printf.o)
                                                  /usr/lib/gcc/avr/4.9.2/../../../../avr/lib/avr5/libprintf_flt.a(vfprintf_flt.o)
__stack                                           /usr/lib/gcc/avr/4.9.2/../../../../avr/lib/avr5/crtm328p.o
__subsf3                                          /usr/lib/gcc/avr/4.9.2/../../../../avr/lib/avr5/libm.a(addsf3.o)
                                                  LSM303D_ACC_MAG.o
__ultoa_invert                                    /usr/lib/gcc/avr/4.9.2/../../../../avr/lib/avr5/libc.a(ultoa_invert.o)
                                                  /usr/lib/gcc/avr/4.9.2/../../../../avr/lib/avr5/libprintf_flt.a(vfprintf_flt.o)
__vector_1                                        /usr/lib/gcc/avr/4.9.2/../../../../avr/lib/avr5/crtm328p.o
__vector_10                                       /usr/lib/gcc/avr/4.9.2/../../../../avr/lib/avr5/crtm328p.o
__vector_11                                       /usr/lib/gcc/avr/4.9.2/../../../../avr/lib/avr5/crtm328p.o
__vector_12                                       /usr/lib/gcc/avr/4.9.2/../../../../avr/lib/avr5/crtm328p.o
__vector_13                                       /usr/lib/gcc/avr/4.9.2/../../../../avr/lib/avr5/crtm328p.o
__vector_14                                       /usr/lib/gcc/avr/4.9.2/../../../../avr/lib/avr5/crtm328p.o
__vector_15                                       /usr/lib/gcc/avr/4.9.2/../../../../avr/lib/avr5/crtm328p.o
__vector_16                                       /usr/lib/gcc/avr/4.9.2/../../../../avr/lib/avr5/crtm328p.o
__vector_17                                       /usr/lib/gcc/avr/4.9.2/../../../../avr/lib/avr5/crtm328p.o
__vector_18                                       /usr/lib/gcc/avr/4.9.2/../../../../avr/lib/avr5/crtm328p.o
__vector_19                                       /usr/lib/gcc/avr/4.9.2/../../../../avr/lib/avr5/crtm328p.o
__vector_2                                        /usr/lib/gcc/avr/4.9.2/../../../../avr/lib/avr5/crtm328p.o
__vector_20                                       /usr/lib/gcc/avr/4.9.2/../../../../avr/lib/avr5/crtm328p.o
__vector_21                                       /usr/lib/gcc/avr/4.9.2/../../../../avr/lib/avr5/crtm328p.o
__vector_22                                       /usr/lib/gcc/avr/4.9.2/../../../../avr/lib/avr5/crtm328p.o
__vector_23                                       /usr/lib/gcc/avr/4.9.2/../../../../avr/lib/avr5/crtm328p.o
__vector_24                                       /usr/lib/gcc/avr/4.9.2/../../../../avr/lib/avr5/crtm328p.o
__vector_25                                       /usr/lib/gcc/avr/4.9.2/../../../../avr/lib/avr5/crtm328p.o
__vector_3                                        /usr/lib/gcc/avr/4.9.2/../../../../avr/lib/avr5/crtm328p.o
__vector_4                                        /usr/lib/gcc/avr/4.9.2/../../../../avr/lib/avr5/crtm328p.o
__vector_5                                        /usr/lib/gcc/avr/4.9.2/../../../../avr/lib/avr5/crtm328p.o
__vector_6                                        /usr/lib/gcc/avr/4.9.2/../../../../avr/lib/avr5/crtm328p.o
__vector_7                                        /usr/lib/gcc/avr/4.9.2/../../../../avr/lib/avr5/crtm328p.o
__vector_8                                        /usr/lib/gcc/avr/4.9.2/../../../../avr/lib/avr5/crtm328p.o
__vector_9                                        /usr/lib/gcc/avr/4.9.2/../../../../avr/lib/avr5/crtm328p.o
__vector_default                                  /usr/lib/gcc/avr/4.9.2/../../../../avr/lib/avr5/crtm328p.o
__vectors                                         /usr/lib/gcc/avr/4.9.2/../../../../avr/lib/avr5/crtm328p.o
_exit                                             /usr/lib/gcc/avr/4.9.2/avr5/libgcc.a(_exit.o)
atan                                              /usr/lib/gcc/avr/4.9.2/../../../../avr/lib/avr5/libm.a(atan.o)
                                                  /usr/lib/gcc/avr/4.9.2/../../../../avr/lib/avr5/libm.a(atan2.o)
atan2                                             /usr/lib/gcc/avr/4.9.2/../../../../avr/lib/avr5/libm.a(atan2.o)
                                                  LSM303D_ACC_MAG.o
exit                                              /usr/lib/gcc/avr/4.9.2/avr5/libgcc.a(_exit.o)
                                                  /usr/lib/gcc/avr/4.9.2/../../../../avr/lib/avr5/crtm328p.o
fputc                                             /usr/lib/gcc/avr/4.9.2/../../../../avr/lib/avr5/libc.a(fputc.o)
                                                  /usr/lib/gcc/avr/4.9.2/../../../../avr/lib/avr5/libprintf_flt.a(vfprintf_flt.o)
i2c_readAck                                       twi_master.o
                                                  LSM303D_ACC_MAG.o
                                                  L3GD20H_GYRO.o
                                                  LPS25H_BAR.o
i2c_readNak                                       twi_master.o
                                                  ALTIMU_10.o
                                                  LSM303D_ACC_MAG.o
                                                  L3GD20H_GYRO.o
                                                  LPS25H_BAR.o
i2c_rep_start                                     twi_master.o
                                                  ALTIMU_10.o
                                                  LSM303D_ACC_MAG.o
                                                  L3GD20H_GYRO.o
                                                  LPS25H_BAR.o
i2c_start                                         twi_master.o
                                                  ALTIMU_10.o
                                                  LSM303D_ACC_MAG.o
                                                  L3GD20H_GYRO.o
                                                  LPS25H_BAR.o
i2c_start_wait                                    twi_master.o
i2c_stop                                          twi_master.o
                                                  ALTIMU_10.o
i2c_write                                         twi_master.o
                                                  ALTIMU_10.o
                                                  LSM303D_ACC_MAG.o
                                                  L3GD20H_GYRO.o
                                                  LPS25H_BAR.o
init_acc                                          LSM303D_ACC_MAG.o
init_bar                                          LPS25H_BAR.o
init_gyro                                         L3GD20H_GYRO.o
init_mag                                          LSM303D_ACC_MAG.o
                                                  main.o
inverse                                           /usr/lib/gcc/avr/4.9.2/../../../../avr/lib/avr5/libm.a(inverse.o)
                                                  /usr/lib/gcc/avr/4.9.2/../../../../avr/lib/avr5/libm.a(atan.o)
main                                              main.o
                                                  /usr/lib/gcc/avr/4.9.2/../../../../avr/lib/avr5/crtm328p.o
printf                                            /usr/lib/gcc/avr/4.9.2/../../../../avr/lib/avr5/libc.a(printf.o)
                                                  main.o
read_acc_angel                                    LSM303D_ACC_MAG.o
read_acc_raw                                      LSM303D_ACC_MAG.o
read_from_reg                                     ALTIMU_10.o
read_gyro_values                                  L3GD20H_GYRO.o
read_gyro_values_angle                            L3GD20H_GYRO.o
read_gyro_values_dps                              L3GD20H_GYRO.o
read_mag_raw                                      LSM303D_ACC_MAG.o
                                                  main.o
read_pressure_hpa                                 LPS25H_BAR.o
read_temp_celsius                                 LPS25H_BAR.o
square                                            /usr/lib/gcc/avr/4.9.2/../../../../avr/lib/avr5/libm.a(square.o)
                                                  /usr/lib/gcc/avr/4.9.2/../../../../avr/lib/avr5/libm.a(atan.o)
strnlen                                           /usr/lib/gcc/avr/4.9.2/../../../../avr/lib/avr5/libc.a(strnlen.o)
                                                  /usr/lib/gcc/avr/4.9.2/../../../../avr/lib/avr5/libprintf_flt.a(vfprintf_flt.o)
strnlen_P                                         /usr/lib/gcc/avr/4.9.2/../../../../avr/lib/avr5/libc.a(strnlen_P.o)
                                                  /usr/lib/gcc/avr/4.9.2/../../../../avr/lib/avr5/libprintf_flt.a(vfprintf_flt.o)
vfprintf                                          /usr/lib/gcc/avr/4.9.2/../../../../avr/lib/avr5/libprintf_flt.a(vfprintf_flt.o)
                                                  /usr/lib/gcc/avr/4.9.2/../../../../avr/lib/avr5/libc.a(printf.o)
write_to_reg                                      ALTIMU_10.o
                                                  LSM303D_ACC_MAG.o
                                                  L3GD20H_GYRO.o
                                                  LPS25H_BAR.o
